Error: unrecognized instruction: ACall _tmp279
Dense Rep 
