Error: variable _tmp1 undefined

This program will read in a bunch of numbers and print them
back out in sorted order.

How many scores? 