Error: variable _tmp67 undefined

Who is your favorite EECS483 staff member? 