Error: unrecognized instruction: ACall _tmp80
mmm... veggies!
